// Jest Snapshot v1, https://goo.gl/fbAQLP

exports[`DeliveryAddresses should render the item 1`] = `
<View
  style={
    {
      "marginHorizontal": 10,
    }
  }
  testID="deliveryAddresses"
>
  <View
    style={
      {
        "alignItems": "center",
        "flexDirection": "row",
        "justifyContent": "space-between",
      }
    }
  >
    <Text
      style={
        [
          {
            "color": "#000000",
            "fontFamily": "System",
            "fontWeight": "400",
          },
          {
            "textAlign": "left",
          },
          {
            "color": undefined,
            "fontSize": 16,
            "fontWeight": "600",
          },
        ]
      }
    >
      Delivery Address
    </Text>
    <View
      collapsable={false}
      style={
        {
          "backgroundColor": "transparent",
          "borderColor": "transparent",
          "borderRadius": 4,
          "borderStyle": "solid",
          "borderWidth": 0,
          "elevation": 0,
          "minWidth": 64,
          "shadowColor": "#000000",
          "shadowOffset": {
            "height": 0,
            "width": 0,
          },
          "shadowOpacity": 0,
          "shadowRadius": 0,
        }
      }
    >
      <View
        accessibilityRole="button"
        accessibilityState={
          {
            "disabled": true,
          }
        }
        accessible={true}
        focusable={false}
        onClick={[Function]}
        onResponderGrant={[Function]}
        onResponderMove={[Function]}
        onResponderRelease={[Function]}
        onResponderTerminate={[Function]}
        onResponderTerminationRequest={[Function]}
        onStartShouldSetResponder={[Function]}
        style={
          [
            {
              "overflow": "hidden",
            },
            {
              "borderRadius": 4,
            },
          ]
        }
        testID="addNewAddress"
      >
        <View
          style={
            [
              {
                "alignItems": "center",
                "flexDirection": "row",
                "justifyContent": "center",
              },
              undefined,
            ]
          }
        >
          <Text
            numberOfLines={1}
            selectable={false}
            style={
              [
                {
                  "color": "#000000",
                  "fontFamily": "System",
                  "fontWeight": "400",
                },
                {
                  "textAlign": "left",
                },
                [
                  {
                    "letterSpacing": 1,
                    "marginHorizontal": 16,
                    "marginVertical": 9,
                    "textAlign": "center",
                  },
                  undefined,
                  {
                    "textTransform": "uppercase",
                  },
                  {
                    "color": "#6200ee",
                    "fontFamily": "System",
                    "fontWeight": "500",
                  },
                  {
                    "fontFamily": "System",
                    "fontWeight": "500",
                  },
                  {
                    "color": undefined,
                  },
                ],
              ]
            }
          >
            Add New
          </Text>
        </View>
      </View>
    </View>
  </View>
  <View
    collapsable={false}
    style={
      {
        "backgroundColor": "#ffffff",
        "borderColor": undefined,
        "borderRadius": 4,
        "borderWidth": 1,
        "elevation": 1,
        "marginVertical": 2,
        "shadowColor": "#000000",
        "shadowOffset": {
          "height": 0.5,
          "width": 0,
        },
        "shadowOpacity": 0.24,
        "shadowRadius": 0.75,
      }
    }
  >
    <View
      accessibilityState={
        {
          "disabled": true,
        }
      }
      accessible={true}
      focusable={false}
      onClick={[Function]}
      onResponderGrant={[Function]}
      onResponderMove={[Function]}
      onResponderRelease={[Function]}
      onResponderTerminate={[Function]}
      onResponderTerminationRequest={[Function]}
      onStartShouldSetResponder={[Function]}
      style={
        {
          "flexGrow": 1,
          "flexShrink": 1,
        }
      }
      testID="personalInformation"
    >
      <View
        style={
          [
            {
              "paddingHorizontal": 16,
            },
            {
              "paddingVertical": 16,
            },
            undefined,
          ]
        }
      >
        <View
          style={
            {
              "alignItems": "flex-start",
              "flexDirection": "row",
              "justifyContent": "flex-start",
              "marginVertical": 5,
            }
          }
          testID="addressComponent"
        >
          <View
            style={
              {
                "width": "80%",
              }
            }
          >
            <Text
              style={
                [
                  {
                    "color": "#000000",
                    "fontFamily": "System",
                    "fontWeight": "400",
                  },
                  {
                    "textAlign": "left",
                  },
                  {
                    "color": undefined,
                    "fontSize": 14,
                    "fontWeight": "600",
                  },
                ]
              }
              testID="addressText1"
            >
              apartment, address, city, Country
            </Text>
            <Text
              style={
                [
                  {
                    "color": "#000000",
                    "fontFamily": "System",
                    "fontWeight": "400",
                  },
                  {
                    "textAlign": "left",
                  },
                  {
                    "color": undefined,
                    "fontSize": 14,
                    "fontWeight": "500",
                  },
                ]
              }
            >
              Landmark: Some great landmark
            </Text>
          </View>
          <View
            accessible={true}
            collapsable={false}
            focusable={true}
            onBlur={[Function]}
            onClick={[Function]}
            onFocus={[Function]}
            onResponderGrant={[Function]}
            onResponderMove={[Function]}
            onResponderRelease={[Function]}
            onResponderTerminate={[Function]}
            onResponderTerminationRequest={[Function]}
            onStartShouldSetResponder={[Function]}
            style={
              {
                "alignItems": "center",
                "width": "20%",
              }
            }
            testID="addressChangeButtonPress"
          >
            <Text
              style={
                [
                  {
                    "color": "#000000",
                    "fontFamily": "System",
                    "fontWeight": "400",
                  },
                  {
                    "textAlign": "left",
                  },
                  {
                    "color": undefined,
                    "fontSize": 14,
                    "fontWeight": "500",
                  },
                ]
              }
              testID="addressChangeButtonTitle"
            >
              Edit
            </Text>
          </View>
        </View>
        <View
          style={
            [
              {
                "backgroundColor": "rgba(0, 0, 0, 0.12)",
                "height": 0.5,
              },
              undefined,
              {
                "marginVertical": 4,
              },
            ]
          }
        />
        <View
          style={
            {
              "alignItems": "flex-start",
              "flexDirection": "row",
              "justifyContent": "flex-start",
              "marginVertical": 5,
            }
          }
          testID="addressComponent"
        >
          <View
            style={
              {
                "width": "80%",
              }
            }
          >
            <Text
              style={
                [
                  {
                    "color": "#000000",
                    "fontFamily": "System",
                    "fontWeight": "400",
                  },
                  {
                    "textAlign": "left",
                  },
                  {
                    "color": undefined,
                    "fontSize": 14,
                    "fontWeight": "600",
                  },
                ]
              }
              testID="addressText1"
            >
              apartment, address, city, Country
            </Text>
            <Text
              style={
                [
                  {
                    "color": "#000000",
                    "fontFamily": "System",
                    "fontWeight": "400",
                  },
                  {
                    "textAlign": "left",
                  },
                  {
                    "color": undefined,
                    "fontSize": 14,
                    "fontWeight": "500",
                  },
                ]
              }
            >
              Landmark: Some great landmark
            </Text>
          </View>
          <View
            accessible={true}
            collapsable={false}
            focusable={true}
            onBlur={[Function]}
            onClick={[Function]}
            onFocus={[Function]}
            onResponderGrant={[Function]}
            onResponderMove={[Function]}
            onResponderRelease={[Function]}
            onResponderTerminate={[Function]}
            onResponderTerminationRequest={[Function]}
            onStartShouldSetResponder={[Function]}
            style={
              {
                "alignItems": "center",
                "width": "20%",
              }
            }
            testID="addressChangeButtonPress"
          >
            <Text
              style={
                [
                  {
                    "color": "#000000",
                    "fontFamily": "System",
                    "fontWeight": "400",
                  },
                  {
                    "textAlign": "left",
                  },
                  {
                    "color": undefined,
                    "fontSize": 14,
                    "fontWeight": "500",
                  },
                ]
              }
              testID="addressChangeButtonTitle"
            >
              Edit
            </Text>
          </View>
        </View>
        <View
          style={
            [
              {
                "backgroundColor": "rgba(0, 0, 0, 0.12)",
                "height": 0.5,
              },
              undefined,
              {
                "marginVertical": 4,
              },
            ]
          }
        />
      </View>
    </View>
  </View>
</View>
`;
