// Jest Snapshot v1, https://goo.gl/fbAQLP

exports[`FeaturedProduct should render the item 1`] = `
<View
  testID="featuredProduct"
>
  <View
    style={
      {
        "flexDirection": "row",
        "marginHorizontal": 12,
        "marginVertical": 10,
      }
    }
  >
    <View
      style={
        [
          {
            "alignItems": "center",
            "justifyContent": "center",
          },
          {
            "width": "50%",
          },
        ]
      }
    >
      <Image
        source={
          {
            "uri": "https://burst.shopifycdn.com/photos/tea-cup-with-hot-peppers-and-yellow-tomatoes-on-red.jpg?width=240&format=pjpg&exif=1&iptc=1",
          }
        }
        style={
          {
            "borderRadius": 4,
            "height": 280,
            "width": "70%",
          }
        }
        testID="productImage"
      />
      <View
        style={
          {
            "paddingVertical": 15,
          }
        }
      />
    </View>
    <View
      style={
        [
          {
            "width": "50%",
          },
        ]
      }
    >
      <Text
        style={
          [
            {
              "color": "#000000",
              "fontFamily": "System",
              "fontWeight": "400",
            },
            {
              "textAlign": "left",
            },
            {
              "fontSize": 20,
              "fontWeight": "600",
              "marginBottom": 9,
            },
          ]
        }
        variant="titleLarge"
      >
        test
      </Text>
      <Text
        style={
          [
            {
              "color": "#000000",
              "fontFamily": "System",
              "fontWeight": "400",
            },
            {
              "textAlign": "left",
            },
            {
              "fontSize": 16,
              "fontWeight": "500",
            },
          ]
        }
        variant="titleLarge"
      >
        Price
      </Text>
      <Text
        style={
          [
            {
              "color": "#000000",
              "fontFamily": "System",
              "fontWeight": "400",
            },
            {
              "textAlign": "left",
            },
            {
              "fontSize": 16,
              "fontWeight": "500",
              "marginBottom": 9,
            },
          ]
        }
        variant="titleLarge"
      >
        $0.00
      </Text>
      <View
        style={
          {
            "alignItems": "center",
            "flexDirection": "row",
            "marginVertical": 2,
          }
        }
      >
        <Text
          allowFontScaling={false}
          selectable={false}
          style={
            [
              {
                "color": "#000000",
                "fontSize": 16,
              },
              undefined,
              {
                "fontFamily": "Ionicons",
                "fontStyle": "normal",
                "fontWeight": "normal",
              },
              {},
            ]
          }
        >
          
        </Text>
        <Text
          style={
            [
              {
                "color": "#000000",
                "fontFamily": "System",
                "fontWeight": "400",
              },
              {
                "textAlign": "left",
              },
              {
                "fontSize": 14,
                "fontWeight": "400",
                "marginLeft": 10,
              },
            ]
          }
        >
          Free shipping in UAE
        </Text>
      </View>
      <View
        style={
          {
            "alignItems": "center",
            "flexDirection": "row",
            "marginVertical": 2,
          }
        }
      >
        <Text
          allowFontScaling={false}
          selectable={false}
          style={
            [
              {
                "color": "#000000",
                "fontSize": 16,
              },
              undefined,
              {
                "fontFamily": "Ionicons",
                "fontStyle": "normal",
                "fontWeight": "normal",
              },
              {},
            ]
          }
        >
          
        </Text>
        <Text
          style={
            [
              {
                "color": "#000000",
                "fontFamily": "System",
                "fontWeight": "400",
              },
              {
                "textAlign": "left",
              },
              {
                "fontSize": 14,
                "fontWeight": "400",
                "marginLeft": 10,
              },
            ]
          }
        >
          Fresh
        </Text>
      </View>
      <View
        style={
          {
            "alignItems": "center",
            "flexDirection": "row",
            "marginVertical": 2,
          }
        }
      >
        <Text
          allowFontScaling={false}
          selectable={false}
          style={
            [
              {
                "color": "#000000",
                "fontSize": 16,
              },
              undefined,
              {
                "fontFamily": "Ionicons",
                "fontStyle": "normal",
                "fontWeight": "normal",
              },
              {},
            ]
          }
        >
          
        </Text>
        <Text
          style={
            [
              {
                "color": "#000000",
                "fontFamily": "System",
                "fontWeight": "400",
              },
              {
                "textAlign": "left",
              },
              {
                "fontSize": 14,
                "fontWeight": "400",
                "marginLeft": 10,
              },
            ]
          }
        >
          Secure Payments
        </Text>
      </View>
      <View
        style={
          {
            "alignItems": "center",
            "flexDirection": "row",
            "marginVertical": 2,
          }
        }
      >
        <Text
          allowFontScaling={false}
          selectable={false}
          style={
            [
              {
                "color": "#000000",
                "fontSize": 16,
              },
              undefined,
              {
                "fontFamily": "Ionicons",
                "fontStyle": "normal",
                "fontWeight": "normal",
              },
              {},
            ]
          }
        >
          
        </Text>
        <Text
          style={
            [
              {
                "color": "#000000",
                "fontFamily": "System",
                "fontWeight": "400",
              },
              {
                "textAlign": "left",
              },
              {
                "fontSize": 14,
                "fontWeight": "400",
                "marginLeft": 10,
              },
            ]
          }
        >
          In stock, ready to ship
        </Text>
      </View>
      <View
        style={
          {
            "alignItems": "center",
            "backgroundColor": "#F1F9F4",
            "borderRadius": 50,
            "flexDirection": "row",
            "height": 35,
            "justifyContent": "space-between",
            "marginVertical": 10,
            "width": 110,
          }
        }
      >
        <View
          accessibilityRole="button"
          accessibilityState={
            {
              "disabled": true,
            }
          }
          accessible={true}
          focusable={false}
          hitSlop={
            {
              "bottom": 6,
              "left": 6,
              "right": 6,
              "top": 6,
            }
          }
          onClick={[Function]}
          onResponderGrant={[Function]}
          onResponderMove={[Function]}
          onResponderRelease={[Function]}
          onResponderTerminate={[Function]}
          onResponderTerminationRequest={[Function]}
          onStartShouldSetResponder={[Function]}
          style={
            [
              {
                "overflow": "hidden",
              },
              [
                {
                  "alignItems": "center",
                  "justifyContent": "center",
                  "margin": 6,
                  "overflow": "hidden",
                },
                {
                  "borderRadius": 15,
                  "height": 30,
                  "width": 30,
                },
                undefined,
                {
                  "backgroundColor": "#D4EDDD",
                  "borderRadius": 50,
                  "height": 35,
                  "marginLeft": 0,
                  "width": 35,
                },
              ],
            ]
          }
        >
          <View>
            <Text
              accessibilityElementsHidden={true}
              allowFontScaling={false}
              importantForAccessibility="no-hide-descendants"
              pointerEvents="none"
              selectable={false}
              style={
                [
                  {
                    "color": "#000000",
                    "fontSize": 20,
                  },
                  [
                    {
                      "lineHeight": 20,
                      "transform": [
                        {
                          "scaleX": 1,
                        },
                      ],
                    },
                    {
                      "backgroundColor": "transparent",
                    },
                  ],
                  {
                    "fontFamily": "Material Design Icons",
                    "fontStyle": "normal",
                    "fontWeight": "normal",
                  },
                  {},
                ]
              }
            >
              󰍴
            </Text>
          </View>
        </View>
        <Text
          style={
            [
              {
                "color": "#000000",
                "fontFamily": "System",
                "fontWeight": "400",
              },
              {
                "textAlign": "left",
              },
              {
                "color": undefined,
                "fontSize": 14,
                "fontWeight": "700",
                "marginHorizontal": 5,
                "textAlign": "center",
              },
            ]
          }
        >
          0
        </Text>
        <View
          accessibilityRole="button"
          accessibilityState={
            {
              "disabled": true,
            }
          }
          accessible={true}
          focusable={false}
          hitSlop={
            {
              "bottom": 6,
              "left": 6,
              "right": 6,
              "top": 6,
            }
          }
          onClick={[Function]}
          onResponderGrant={[Function]}
          onResponderMove={[Function]}
          onResponderRelease={[Function]}
          onResponderTerminate={[Function]}
          onResponderTerminationRequest={[Function]}
          onStartShouldSetResponder={[Function]}
          style={
            [
              {
                "overflow": "hidden",
              },
              [
                {
                  "alignItems": "center",
                  "justifyContent": "center",
                  "margin": 6,
                  "overflow": "hidden",
                },
                {
                  "borderRadius": 15,
                  "height": 30,
                  "width": 30,
                },
                undefined,
                {
                  "backgroundColor": "#D4EDDD",
                  "borderRadius": 50,
                  "height": 35,
                  "marginRight": 0,
                  "width": 35,
                },
              ],
            ]
          }
        >
          <View>
            <Text
              accessibilityElementsHidden={true}
              allowFontScaling={false}
              importantForAccessibility="no-hide-descendants"
              pointerEvents="none"
              selectable={false}
              style={
                [
                  {
                    "color": "#000000",
                    "fontSize": 20,
                  },
                  [
                    {
                      "lineHeight": 20,
                      "transform": [
                        {
                          "scaleX": 1,
                        },
                      ],
                    },
                    {
                      "backgroundColor": "transparent",
                    },
                  ],
                  {
                    "fontFamily": "Material Design Icons",
                    "fontStyle": "normal",
                    "fontWeight": "normal",
                  },
                  {},
                ]
              }
            >
              󰐕
            </Text>
          </View>
        </View>
      </View>
      <View
        collapsable={false}
        style={
          {
            "backgroundColor": "transparent",
            "borderColor": "#424242",
            "borderRadius": 1,
            "borderStyle": "solid",
            "borderWidth": 0.5,
            "elevation": 0,
            "marginVertical": 10,
            "minWidth": 64,
            "shadowColor": "#000000",
            "shadowOffset": {
              "height": 0,
              "width": 0,
            },
            "shadowOpacity": 0,
            "shadowRadius": 0,
          }
        }
      >
        <View
          accessibilityRole="button"
          accessibilityState={
            {
              "disabled": true,
            }
          }
          accessible={true}
          focusable={false}
          onClick={[Function]}
          onResponderGrant={[Function]}
          onResponderMove={[Function]}
          onResponderRelease={[Function]}
          onResponderTerminate={[Function]}
          onResponderTerminationRequest={[Function]}
          onStartShouldSetResponder={[Function]}
          style={
            [
              {
                "overflow": "hidden",
              },
              {
                "borderRadius": 1,
              },
            ]
          }
          testID="handleAddToCart"
        >
          <View
            style={
              [
                {
                  "alignItems": "center",
                  "flexDirection": "row",
                  "justifyContent": "center",
                },
                undefined,
              ]
            }
          >
            <Text
              numberOfLines={1}
              selectable={false}
              style={
                [
                  {
                    "color": "#000000",
                    "fontFamily": "System",
                    "fontWeight": "400",
                  },
                  {
                    "textAlign": "left",
                  },
                  [
                    {
                      "letterSpacing": 1,
                      "marginHorizontal": 16,
                      "marginVertical": 9,
                      "textAlign": "center",
                    },
                    undefined,
                    {
                      "textTransform": "uppercase",
                    },
                    {
                      "color": "#6200ee",
                      "fontFamily": "System",
                      "fontWeight": "500",
                    },
                    {
                      "fontFamily": "System",
                      "fontWeight": "500",
                    },
                    {
                      "color": "#424242",
                    },
                  ],
                ]
              }
            >
              Add to cart
            </Text>
          </View>
        </View>
      </View>
      <View
        collapsable={false}
        style={
          {
            "backgroundColor": "#6200ee",
            "borderColor": "transparent",
            "borderRadius": 1,
            "borderStyle": "solid",
            "borderWidth": 0,
            "elevation": 2,
            "marginBottom": 10,
            "minWidth": 64,
            "shadowColor": "#000000",
            "shadowOffset": {
              "height": 0.75,
              "width": 0,
            },
            "shadowOpacity": 0.24,
            "shadowRadius": 1.5,
          }
        }
      >
        <View
          accessibilityRole="button"
          accessibilityState={
            {
              "disabled": true,
            }
          }
          accessible={true}
          focusable={false}
          onClick={[Function]}
          onResponderGrant={[Function]}
          onResponderMove={[Function]}
          onResponderRelease={[Function]}
          onResponderTerminate={[Function]}
          onResponderTerminationRequest={[Function]}
          onStartShouldSetResponder={[Function]}
          style={
            [
              {
                "overflow": "hidden",
              },
              {
                "borderRadius": 1,
              },
            ]
          }
          testID="handleBuyItNow"
        >
          <View
            style={
              [
                {
                  "alignItems": "center",
                  "flexDirection": "row",
                  "justifyContent": "center",
                },
                undefined,
              ]
            }
          >
            <Text
              numberOfLines={1}
              selectable={false}
              style={
                [
                  {
                    "color": "#000000",
                    "fontFamily": "System",
                    "fontWeight": "400",
                  },
                  {
                    "textAlign": "left",
                  },
                  [
                    {
                      "letterSpacing": 1,
                      "marginHorizontal": 16,
                      "marginVertical": 9,
                      "textAlign": "center",
                    },
                    undefined,
                    {
                      "textTransform": "uppercase",
                    },
                    {
                      "color": "#ffffff",
                      "fontFamily": "System",
                      "fontWeight": "500",
                    },
                    {
                      "fontFamily": "System",
                      "fontWeight": "500",
                    },
                    {
                      "color": "#ffffff",
                    },
                  ],
                ]
              }
            >
              Buy it now
            </Text>
          </View>
        </View>
      </View>
    </View>
  </View>
  <View
    style={
      [
        {
          "marginVertical": 8,
        },
        {
          "marginBottom": 15,
        },
      ]
    }
    theme={
      {
        "animation": {
          "scale": 1,
        },
        "colors": {
          "accent": "#03dac4",
          "backdrop": "rgba(0, 0, 0, 0.5)",
          "background": "#f6f6f6",
          "disabled": "rgba(0, 0, 0, 0.26)",
          "error": "#B00020",
          "notification": "#f50057",
          "onSurface": "#000000",
          "placeholder": "rgba(0, 0, 0, 0.54)",
          "primary": "#6200ee",
          "surface": "#ffffff",
          "text": "#000000",
        },
        "dark": false,
        "fonts": {
          "light": {
            "fontFamily": "System",
            "fontWeight": "300",
          },
          "medium": {
            "fontFamily": "System",
            "fontWeight": "500",
          },
          "regular": {
            "fontFamily": "System",
            "fontWeight": "400",
          },
          "thin": {
            "fontFamily": "System",
            "fontWeight": "100",
          },
        },
        "roundness": 4,
      }
    }
  >
    <View>
      <View
        style={
          {
            "backgroundColor": "#f6f6f6",
          }
        }
      >
        <View
          accessibilityRole="button"
          accessibilityState={
            {
              "disabled": false,
              "expanded": false,
            }
          }
          accessible={true}
          focusable={true}
          onClick={[Function]}
          onResponderGrant={[Function]}
          onResponderMove={[Function]}
          onResponderRelease={[Function]}
          onResponderTerminate={[Function]}
          onResponderTerminationRequest={[Function]}
          onStartShouldSetResponder={[Function]}
          style={
            [
              {
                "overflow": "hidden",
              },
              [
                {
                  "padding": 8,
                },
                undefined,
              ],
            ]
          }
        >
          <View
            pointerEvents="none"
            style={
              {
                "alignItems": "center",
                "flexDirection": "row",
              }
            }
          >
            <View
              style={
                [
                  {
                    "margin": 8,
                  },
                  {
                    "flex": 1,
                    "justifyContent": "center",
                  },
                ]
              }
            >
              <Text
                numberOfLines={1}
                selectable={false}
                style={
                  [
                    {
                      "color": "#000000",
                      "fontFamily": "System",
                      "fontWeight": "400",
                    },
                    {
                      "textAlign": "left",
                    },
                    [
                      {
                        "fontSize": 16,
                      },
                      {
                        "color": "rgba(0, 0, 0, 0.87)",
                      },
                      {
                        "color": "#000000",
                      },
                    ],
                  ]
                }
              >
                Description
              </Text>
            </View>
            <View
              style={
                [
                  {
                    "margin": 8,
                  },
                  undefined,
                ]
              }
            >
              <Text
                accessibilityElementsHidden={true}
                allowFontScaling={false}
                importantForAccessibility="no-hide-descendants"
                pointerEvents="none"
                selectable={false}
                style={
                  [
                    {
                      "color": "rgba(0, 0, 0, 0.87)",
                      "fontSize": 24,
                    },
                    [
                      {
                        "lineHeight": 24,
                        "transform": [
                          {
                            "scaleX": 1,
                          },
                        ],
                      },
                      {
                        "backgroundColor": "transparent",
                      },
                    ],
                    {
                      "fontFamily": "Material Design Icons",
                      "fontStyle": "normal",
                      "fontWeight": "normal",
                    },
                    {},
                  ]
                }
              >
                󰅀
              </Text>
            </View>
          </View>
        </View>
      </View>
    </View>
    <View
      style={
        [
          {
            "backgroundColor": "rgba(0, 0, 0, 0.12)",
            "height": 0.5,
          },
          undefined,
          undefined,
        ]
      }
    />
    <View>
      <View
        style={
          {
            "backgroundColor": "#f6f6f6",
          }
        }
      >
        <View
          accessibilityRole="button"
          accessibilityState={
            {
              "disabled": false,
              "expanded": false,
            }
          }
          accessible={true}
          focusable={true}
          onClick={[Function]}
          onResponderGrant={[Function]}
          onResponderMove={[Function]}
          onResponderRelease={[Function]}
          onResponderTerminate={[Function]}
          onResponderTerminationRequest={[Function]}
          onStartShouldSetResponder={[Function]}
          style={
            [
              {
                "overflow": "hidden",
              },
              [
                {
                  "padding": 8,
                },
                undefined,
              ],
            ]
          }
        >
          <View
            pointerEvents="none"
            style={
              {
                "alignItems": "center",
                "flexDirection": "row",
              }
            }
          >
            <View
              style={
                [
                  {
                    "margin": 8,
                  },
                  {
                    "flex": 1,
                    "justifyContent": "center",
                  },
                ]
              }
            >
              <Text
                numberOfLines={1}
                selectable={false}
                style={
                  [
                    {
                      "color": "#000000",
                      "fontFamily": "System",
                      "fontWeight": "400",
                    },
                    {
                      "textAlign": "left",
                    },
                    [
                      {
                        "fontSize": 16,
                      },
                      {
                        "color": "rgba(0, 0, 0, 0.87)",
                      },
                      {
                        "color": "#000000",
                      },
                    ],
                  ]
                }
              >
                Shipping information
              </Text>
            </View>
            <View
              style={
                [
                  {
                    "margin": 8,
                  },
                  undefined,
                ]
              }
            >
              <Text
                accessibilityElementsHidden={true}
                allowFontScaling={false}
                importantForAccessibility="no-hide-descendants"
                pointerEvents="none"
                selectable={false}
                style={
                  [
                    {
                      "color": "rgba(0, 0, 0, 0.87)",
                      "fontSize": 24,
                    },
                    [
                      {
                        "lineHeight": 24,
                        "transform": [
                          {
                            "scaleX": 1,
                          },
                        ],
                      },
                      {
                        "backgroundColor": "transparent",
                      },
                    ],
                    {
                      "fontFamily": "Material Design Icons",
                      "fontStyle": "normal",
                      "fontWeight": "normal",
                    },
                    {},
                  ]
                }
              >
                󰅀
              </Text>
            </View>
          </View>
        </View>
      </View>
    </View>
    <View
      style={
        [
          {
            "backgroundColor": "rgba(0, 0, 0, 0.12)",
            "height": 0.5,
          },
          undefined,
          undefined,
        ]
      }
    />
  </View>
</View>
`;
