// Jest Snapshot v1, https://goo.gl/fbAQLP

exports[`Notification should render the item 1`] = `
<View
  style={
    {
      "marginHorizontal": 10,
      "marginVertical": 5,
      "padding": 5,
    }
  }
  testID="notification"
>
  <View
    style={
      {
        "alignItems": "center",
        "display": "flex",
        "flexDirection": "row",
      }
    }
  >
    <View
      style={
        {
          "padding": 12,
        }
      }
    >
      <Text
        allowFontScaling={false}
        selectable={false}
        style={
          [
            {
              "color": "#888",
              "fontSize": 18,
            },
            undefined,
            {
              "fontFamily": "simple-line-icons",
              "fontStyle": "normal",
              "fontWeight": "normal",
            },
            {},
          ]
        }
      />
    </View>
    <View
      style={
        {
          "flex": 1,
        }
      }
    >
      <View
        style={
          {
            "flexDirection": "row",
            "justifyContent": "space-between",
          }
        }
      >
        <View
          style={
            {
              "flexDirection": "row",
            }
          }
        >
          <Text
            style={
              [
                {
                  "color": "#000000",
                  "fontFamily": "System",
                  "fontWeight": "400",
                },
                {
                  "textAlign": "left",
                },
                {
                  "color": undefined,
                  "fontSize": 14,
                  "fontWeight": "400",
                },
              ]
            }
          >
            subtitle1
          </Text>
        </View>
        <Text
          style={
            [
              {
                "color": "#000000",
                "fontFamily": "System",
                "fontWeight": "400",
              },
              {
                "textAlign": "left",
              },
              {
                "color": undefined,
                "fontSize": 14,
                "fontWeight": "400",
              },
            ]
          }
        >
          2d
        </Text>
      </View>
      <Text
        style={
          [
            {
              "color": "#000000",
              "fontFamily": "System",
              "fontWeight": "400",
            },
            {
              "textAlign": "left",
            },
            {
              "color": undefined,
              "fontSize": 16,
              "fontWeight": "600",
            },
          ]
        }
      >
        title
      </Text>
      <Text
        style={
          [
            {
              "color": "#000000",
              "fontFamily": "System",
              "fontWeight": "400",
            },
            {
              "textAlign": "left",
            },
            {
              "color": undefined,
              "fontSize": 14,
              "fontWeight": "400",
            },
          ]
        }
      >
        subtitle2
      </Text>
    </View>
  </View>
  <View
    bold={true}
    style={
      [
        {
          "backgroundColor": "rgba(0, 0, 0, 0.12)",
          "height": 0.5,
        },
        undefined,
        {
          "marginTop": 10,
        },
      ]
    }
  />
</View>
`;
