// Jest Snapshot v1, https://goo.gl/fbAQLP

exports[`FeaturedCollection should render the item 1`] = `
<View
  style={
    {
      "backgroundColor": "#fff",
    }
  }
  testID="featuredCollection"
>
  <View
    style={
      {
        "alignItems": "center",
        "flexDirection": "row",
        "justifyContent": "space-between",
        "marginHorizontal": 10,
        "marginVertical": 10,
      }
    }
  >
    <Text
      style={
        [
          {
            "color": "#000000",
            "fontFamily": "System",
            "fontWeight": "400",
          },
          {
            "textAlign": "left",
          },
          {
            "fontSize": 16,
          },
        ]
      }
      variant="titleLarge"
    >
      test
    </Text>
    <View
      accessible={true}
      collapsable={false}
      focusable={true}
      onBlur={[Function]}
      onClick={[Function]}
      onFocus={[Function]}
      onResponderGrant={[Function]}
      onResponderMove={[Function]}
      onResponderRelease={[Function]}
      onResponderTerminate={[Function]}
      onResponderTerminationRequest={[Function]}
      onStartShouldSetResponder={[Function]}
      testID="onPressCollection"
    >
      <Text
        style={
          [
            {
              "color": "#000000",
              "fontFamily": "System",
              "fontWeight": "400",
            },
            {
              "textAlign": "left",
            },
            {
              "fontSize": 14,
              "textDecorationLine": "underline",
            },
          ]
        }
        variant="titleMedium"
      >
        View All
      </Text>
    </View>
  </View>
  <View
    style={
      {
        "marginHorizontal": 5,
      }
    }
  >
    <RCTScrollView
      data={
        [
          {
            "currency": "USD",
            "image": "https://burst.shopifycdn.com/photos/tea-cup-with-hot-peppers-and-yellow-tomatoes-on-red.jpg?width=240&format=pjpg&exif=1&iptc=1",
            "key": "test",
            "name": "test",
            "notes": "pack",
            "packaging": "pack",
            "price": 0,
            "weight_unit": "KG",
          },
        ]
      }
      getItem={[Function]}
      getItemCount={[Function]}
      horizontal={true}
      initialNumToRender={4}
      keyExtractor={[Function]}
      onContentSizeChange={[Function]}
      onLayout={[Function]}
      onMomentumScrollBegin={[Function]}
      onMomentumScrollEnd={[Function]}
      onScroll={[Function]}
      onScrollBeginDrag={[Function]}
      onScrollEndDrag={[Function]}
      renderItem={[Function]}
      scrollEventThrottle={50}
      stickyHeaderIndices={[]}
      testID="productList"
    >
      <View>
        <View
          onLayout={[Function]}
          style={
            [
              {
                "flexDirection": "row",
              },
              null,
            ]
          }
        >
          <View
            style={
              {
                "backgroundColor": "#f0f0f0",
                "borderColor": "#e7e7e7",
                "borderRadius": 12,
                "borderWidth": 1,
                "margin": 5,
              }
            }
          >
            <View>
              <View
                accessible={true}
                collapsable={false}
                focusable={true}
                onBlur={[Function]}
                onClick={[Function]}
                onFocus={[Function]}
                onResponderGrant={[Function]}
                onResponderMove={[Function]}
                onResponderRelease={[Function]}
                onResponderTerminate={[Function]}
                onResponderTerminationRequest={[Function]}
                onStartShouldSetResponder={[Function]}
              >
                <View
                  style={
                    {
                      "height": 250,
                      "width": "100%",
                    }
                  }
                >
                  <Image
                    source={
                      {
                        "uri": "https://burst.shopifycdn.com/photos/tea-cup-with-hot-peppers-and-yellow-tomatoes-on-red.jpg?width=240&format=pjpg&exif=1&iptc=1",
                      }
                    }
                    style={
                      {
                        "backgroundColor": "#fff",
                        "borderTopLeftRadius": 12,
                        "borderTopRightRadius": 12,
                        "height": 250,
                        "paddingHorizontal": "0.1%",
                        "width": "99.9%",
                      }
                    }
                  />
                </View>
                <View
                  style={
                    {
                      "alignItems": "flex-start",
                      "backgroundColor": "#f0f0f0",
                      "borderBottomLeftRadius": 12,
                      "borderBottomRightRadius": 12,
                      "paddingHorizontal": 8,
                      "paddingVertical": 5,
                    }
                  }
                >
                  <View
                    style={
                      {
                        "alignItems": "flex-start",
                        "flexDirection": "row",
                        "justifyContent": "space-between",
                        "width": 216,
                      }
                    }
                  >
                    <Text
                      style={
                        [
                          {
                            "color": "#000000",
                            "fontFamily": "System",
                            "fontWeight": "400",
                          },
                          {
                            "textAlign": "left",
                          },
                          [
                            {
                              "textAlign": "left",
                            },
                            {
                              "color": "rgba(0, 0, 0, 0.87)",
                              "fontFamily": "System",
                              "fontWeight": "500",
                              "writingDirection": "ltr",
                            },
                            [
                              {
                                "fontSize": 20,
                                "letterSpacing": 0.15,
                                "lineHeight": 30,
                                "marginVertical": 2,
                              },
                              {
                                "flexShrink": 1,
                                "fontSize": 12,
                                "fontWeight": "bold",
                                "marginRight": 5,
                              },
                            ],
                          ],
                        ]
                      }
                    >
                      test
                    </Text>
                  </View>
                  <Text
                    style={
                      [
                        {
                          "color": "#000000",
                          "fontFamily": "System",
                          "fontWeight": "400",
                        },
                        {
                          "textAlign": "left",
                        },
                        {
                          "color": "#808080",
                          "fontSize": 12,
                          "fontWeight": "400",
                        },
                      ]
                    }
                  >
                    Dorne
                  </Text>
                  <View
                    style={
                      {
                        "alignItems": "center",
                        "flexDirection": "row",
                        "justifyContent": "center",
                        "marginTop": 5,
                      }
                    }
                  >
                    <Text
                      style={
                        [
                          {
                            "color": "#000000",
                            "fontFamily": "System",
                            "fontWeight": "400",
                          },
                          {
                            "textAlign": "left",
                          },
                          {
                            "color": "#008D3E",
                            "fontSize": 14,
                            "fontWeight": "400",
                          },
                        ]
                      }
                    >
                      $0.00
                    </Text>
                    <Text
                      style={
                        [
                          {
                            "color": "#000000",
                            "fontFamily": "System",
                            "fontWeight": "400",
                          },
                          {
                            "textAlign": "left",
                          },
                          {
                            "color": "#808080",
                            "fontSize": 12,
                            "fontWeight": "400",
                          },
                        ]
                      }
                    >
                       / pack
                    </Text>
                  </View>
                </View>
              </View>
            </View>
          </View>
        </View>
      </View>
    </RCTScrollView>
  </View>
</View>
`;
