// Jest Snapshot v1, https://goo.gl/fbAQLP

exports[`PersonalInformation should render the item 1`] = `
<View
  collapsable={false}
  style={
    {
      "backgroundColor": "#ffffff",
      "borderColor": undefined,
      "borderRadius": 4,
      "borderWidth": 1,
      "elevation": 1,
      "marginHorizontal": 10,
      "marginVertical": 5,
      "shadowColor": "#000000",
      "shadowOffset": {
        "height": 0.5,
        "width": 0,
      },
      "shadowOpacity": 0.24,
      "shadowRadius": 0.75,
    }
  }
>
  <View
    accessibilityState={
      {
        "disabled": true,
      }
    }
    accessible={true}
    focusable={false}
    onClick={[Function]}
    onResponderGrant={[Function]}
    onResponderMove={[Function]}
    onResponderRelease={[Function]}
    onResponderTerminate={[Function]}
    onResponderTerminationRequest={[Function]}
    onStartShouldSetResponder={[Function]}
    style={
      {
        "flexGrow": 1,
        "flexShrink": 1,
      }
    }
    testID="personalInformation"
  >
    <View
      style={
        [
          {
            "paddingHorizontal": 16,
          },
          {
            "paddingVertical": 16,
          },
          undefined,
        ]
      }
    >
      <View
        style={
          {
            "alignItems": "center",
            "flexDirection": "row",
            "justifyContent": "space-between",
          }
        }
      >
        <Text
          style={
            {
              "color": undefined,
              "fontSize": 16,
              "fontWeight": "600",
            }
          }
        >
          Personal Information
        </Text>
        <View
          collapsable={false}
          style={
            {
              "backgroundColor": "transparent",
              "borderColor": "transparent",
              "borderRadius": 4,
              "borderStyle": "solid",
              "borderWidth": 0,
              "elevation": 0,
              "minWidth": 64,
              "shadowColor": "#000000",
              "shadowOffset": {
                "height": 0,
                "width": 0,
              },
              "shadowOpacity": 0,
              "shadowRadius": 0,
            }
          }
        >
          <View
            accessibilityRole="button"
            accessibilityState={
              {
                "disabled": true,
              }
            }
            accessible={true}
            focusable={false}
            onClick={[Function]}
            onResponderGrant={[Function]}
            onResponderMove={[Function]}
            onResponderRelease={[Function]}
            onResponderTerminate={[Function]}
            onResponderTerminationRequest={[Function]}
            onStartShouldSetResponder={[Function]}
            style={
              [
                {
                  "overflow": "hidden",
                },
                {
                  "borderRadius": 4,
                },
              ]
            }
            testID="editPersonalInfo"
          >
            <View
              style={
                [
                  {
                    "alignItems": "center",
                    "flexDirection": "row",
                    "justifyContent": "center",
                  },
                  undefined,
                ]
              }
            >
              <Text
                numberOfLines={1}
                selectable={false}
                style={
                  [
                    {
                      "color": "#000000",
                      "fontFamily": "System",
                      "fontWeight": "400",
                    },
                    {
                      "textAlign": "left",
                    },
                    [
                      {
                        "letterSpacing": 1,
                        "marginHorizontal": 16,
                        "marginVertical": 9,
                        "textAlign": "center",
                      },
                      undefined,
                      {
                        "textTransform": "uppercase",
                      },
                      {
                        "color": "#6200ee",
                        "fontFamily": "System",
                        "fontWeight": "500",
                      },
                      {
                        "fontFamily": "System",
                        "fontWeight": "500",
                      },
                      {
                        "color": undefined,
                      },
                    ],
                  ]
                }
              >
                Edit
              </Text>
            </View>
          </View>
        </View>
      </View>
      <View
        style={
          {
            "flexDirection": "row",
            "marginVertical": 5,
          }
        }
        testID="infoTextComponentId"
      >
        <Text
          style={
            {
              "color": undefined,
              "fontSize": 14,
              "fontWeight": "400",
            }
          }
        >
          Name:  
        </Text>
        <Text
          style={
            {
              "color": undefined,
              "fontSize": 14,
              "fontWeight": "600",
            }
          }
        >
          User name
        </Text>
      </View>
      <View
        style={
          {
            "flexDirection": "row",
            "marginVertical": 5,
          }
        }
        testID="infoTextComponentId"
      >
        <Text
          style={
            {
              "color": undefined,
              "fontSize": 14,
              "fontWeight": "400",
            }
          }
        >
          Email:  
        </Text>
        <Text
          style={
            {
              "color": undefined,
              "fontSize": 14,
              "fontWeight": "600",
            }
          }
        >
          user_mail@gmail.com
        </Text>
      </View>
      <View
        style={
          {
            "flexDirection": "row",
            "marginVertical": 5,
          }
        }
        testID="infoTextComponentId"
      >
        <Text
          style={
            {
              "color": undefined,
              "fontSize": 14,
              "fontWeight": "400",
            }
          }
        >
          Mobile:  
        </Text>
        <Text
          style={
            {
              "color": undefined,
              "fontSize": 14,
              "fontWeight": "600",
            }
          }
        >
          +91 0000000000
        </Text>
      </View>
      <View
        style={
          {
            "flexDirection": "row",
            "marginVertical": 5,
          }
        }
        testID="infoTextComponentId"
      >
        <Text
          style={
            {
              "color": undefined,
              "fontSize": 14,
              "fontWeight": "400",
            }
          }
        >
          Alternate Mobile:  
        </Text>
        <Text
          style={
            {
              "color": undefined,
              "fontSize": 14,
              "fontWeight": "600",
            }
          }
        >
          +91 0000000000
        </Text>
      </View>
    </View>
  </View>
</View>
`;
