// Jest Snapshot v1, https://goo.gl/fbAQLP

exports[`PromoCode should render the item 1`] = `
<View
  testID="promoCode"
>
  <View
    style={
      {
        "alignItems": "center",
        "marginHorizontal": 10,
        "marginVertical": 5,
      }
    }
  >
    <View
      accessible={true}
      collapsable={false}
      focusable={true}
      onBlur={[Function]}
      onClick={[Function]}
      onFocus={[Function]}
      onResponderGrant={[Function]}
      onResponderMove={[Function]}
      onResponderRelease={[Function]}
      onResponderTerminate={[Function]}
      onResponderTerminationRequest={[Function]}
      onStartShouldSetResponder={[Function]}
      style={
        {
          "backgroundColor": undefined,
          "borderRadius": 4,
          "height": 48,
          "justifyContent": "center",
          "width": "100%",
        }
      }
      testID="handlePress"
    >
      <View
        style={
          {
            "flexDirection": "row",
            "justifyContent": "space-around",
          }
        }
      >
        <Text
          style={
            [
              {
                "color": "#000000",
                "fontFamily": "System",
                "fontWeight": "400",
              },
              {
                "textAlign": "left",
              },
              {
                "color": undefined,
                "fontSize": 14,
                "fontWeight": "500",
              },
            ]
          }
        >
          Add your promo code
        </Text>
        <Text
          allowFontScaling={false}
          selectable={false}
          style={
            [
              {
                "color": "#6200ee",
                "fontSize": 20,
              },
              undefined,
              {
                "fontFamily": "FontAwesome",
                "fontStyle": "normal",
                "fontWeight": "normal",
              },
              {},
            ]
          }
        >
          ï€«
        </Text>
      </View>
    </View>
  </View>
  <Modal
    animationType="slide"
    hardwareAccelerated={false}
    onRequestClose={[Function]}
    transparent={true}
    visible={false}
  />
</View>
`;
