// Jest Snapshot v1, https://goo.gl/fbAQLP

exports[`BasketItem should render the item 1`] = `
<View
  style={
    {
      "marginHorizontal": 5,
    }
  }
  testID="basketItem"
>
  <View
    style={
      {
        "alignItems": "center",
        "flexDirection": "row",
        "justifyContent": "space-between",
      }
    }
  >
    <Text
      style={
        [
          {
            "color": "#000000",
            "fontFamily": "System",
            "fontWeight": "400",
          },
          {
            "textAlign": "left",
          },
          {
            "fontSize": 20,
            "marginBottom": 9,
          },
        ]
      }
      variant="titleLarge"
    >
      Items
    </Text>
    <View
      accessible={true}
      collapsable={false}
      focusable={true}
      onBlur={[Function]}
      onClick={[Function]}
      onFocus={[Function]}
      onResponderGrant={[Function]}
      onResponderMove={[Function]}
      onResponderRelease={[Function]}
      onResponderTerminate={[Function]}
      onResponderTerminationRequest={[Function]}
      onStartShouldSetResponder={[Function]}
      testID="handlePressBasketItem"
    >
      <Text
        style={
          [
            {
              "color": "#000000",
              "fontFamily": "System",
              "fontWeight": "400",
            },
            {
              "textAlign": "left",
            },
            {
              "color": "#008D3E",
              "fontSize": 14,
              "marginBottom": 9,
              "textDecorationLine": "underline",
            },
          ]
        }
        variant="titleMedium"
      >
        Remove All
      </Text>
    </View>
  </View>
  <View>
    <View>
      <View
        style={
          {
            "flexDirection": "row",
            "justifyContent": "space-between",
          }
        }
      >
        <View
          style={
            {
              "flexDirection": "row",
            }
          }
        >
          <View
            accessible={true}
            collapsable={false}
            focusable={true}
            onBlur={[Function]}
            onClick={[Function]}
            onFocus={[Function]}
            onResponderGrant={[Function]}
            onResponderMove={[Function]}
            onResponderRelease={[Function]}
            onResponderTerminate={[Function]}
            onResponderTerminationRequest={[Function]}
            onStartShouldSetResponder={[Function]}
          >
            <Image
              source={
                {
                  "uri": "https://burst.shopifycdn.com/photos/fruit-plate.jpg?width=373&height=373&format=pjpg&exif=1&iptc=1",
                }
              }
              style={
                {
                  "height": 250,
                  "width": 240,
                }
              }
              testID="basketProductImage"
            />
          </View>
          <View
            style={
              {
                "flexDirection": "column",
                "justifyContent": "space-between",
                "marginHorizontal": 15,
                "width": "100%",
              }
            }
          >
            <View
              style={
                {
                  "flexDirection": "row",
                  "width": "45%",
                }
              }
            >
              <Text
                style={
                  [
                    {
                      "color": "#000000",
                      "fontFamily": "System",
                      "fontWeight": "400",
                    },
                    {
                      "textAlign": "left",
                    },
                    {
                      "color": "#364A15",
                      "flex": 1,
                      "flexWrap": "wrap",
                      "fontSize": 14,
                      "fontWeight": "900",
                    },
                  ]
                }
                testID="productName"
                variant="titleLarge"
              >
                Baby Yellow Pepper
              </Text>
            </View>
            <View
              style={
                {
                  "alignItems": "center",
                  "backgroundColor": "#F1F9F4",
                  "flexDirection": "row",
                  "height": 42,
                  "justifyContent": "center",
                  "width": 120,
                }
              }
            >
              <View
                accessibilityRole="button"
                accessibilityState={
                  {
                    "disabled": false,
                  }
                }
                accessible={true}
                focusable={true}
                hitSlop={
                  {
                    "bottom": 6,
                    "left": 6,
                    "right": 6,
                    "top": 6,
                  }
                }
                onClick={[Function]}
                onResponderGrant={[Function]}
                onResponderMove={[Function]}
                onResponderRelease={[Function]}
                onResponderTerminate={[Function]}
                onResponderTerminationRequest={[Function]}
                onStartShouldSetResponder={[Function]}
                style={
                  [
                    {
                      "overflow": "hidden",
                    },
                    [
                      {
                        "alignItems": "center",
                        "justifyContent": "center",
                        "margin": 6,
                        "overflow": "hidden",
                      },
                      {
                        "borderRadius": 15,
                        "height": 30,
                        "width": 30,
                      },
                      undefined,
                      {
                        "borderRadius": 0,
                        "height": 42,
                      },
                    ],
                  ]
                }
              >
                <View>
                  <Text
                    accessibilityElementsHidden={true}
                    allowFontScaling={false}
                    importantForAccessibility="no-hide-descendants"
                    pointerEvents="none"
                    selectable={false}
                    style={
                      [
                        {
                          "color": "#000000",
                          "fontSize": 20,
                        },
                        [
                          {
                            "lineHeight": 20,
                            "transform": [
                              {
                                "scaleX": 1,
                              },
                            ],
                          },
                          {
                            "backgroundColor": "transparent",
                          },
                        ],
                        {
                          "fontFamily": "Material Design Icons",
                          "fontStyle": "normal",
                          "fontWeight": "normal",
                        },
                        {},
                      ]
                    }
                  >
                    Û∞ç¥
                  </Text>
                </View>
              </View>
              <Text
                style={
                  [
                    {
                      "color": "#000000",
                      "fontFamily": "System",
                      "fontWeight": "400",
                    },
                    {
                      "textAlign": "left",
                    },
                    {
                      "color": "#364A15",
                      "fontSize": 14,
                      "fontWeight": "700",
                      "marginHorizontal": 5,
                    },
                  ]
                }
              >
                2
              </Text>
              <View
                accessibilityRole="button"
                accessibilityState={
                  {
                    "disabled": false,
                  }
                }
                accessible={true}
                focusable={true}
                hitSlop={
                  {
                    "bottom": 6,
                    "left": 6,
                    "right": 6,
                    "top": 6,
                  }
                }
                onClick={[Function]}
                onResponderGrant={[Function]}
                onResponderMove={[Function]}
                onResponderRelease={[Function]}
                onResponderTerminate={[Function]}
                onResponderTerminationRequest={[Function]}
                onStartShouldSetResponder={[Function]}
                style={
                  [
                    {
                      "overflow": "hidden",
                    },
                    [
                      {
                        "alignItems": "center",
                        "justifyContent": "center",
                        "margin": 6,
                        "overflow": "hidden",
                      },
                      {
                        "borderRadius": 15,
                        "height": 30,
                        "width": 30,
                      },
                      undefined,
                      {
                        "borderRadius": 0,
                        "height": 42,
                      },
                    ],
                  ]
                }
              >
                <View>
                  <Text
                    accessibilityElementsHidden={true}
                    allowFontScaling={false}
                    importantForAccessibility="no-hide-descendants"
                    pointerEvents="none"
                    selectable={false}
                    style={
                      [
                        {
                          "color": "#000000",
                          "fontSize": 20,
                        },
                        [
                          {
                            "lineHeight": 20,
                            "transform": [
                              {
                                "scaleX": 1,
                              },
                            ],
                          },
                          {
                            "backgroundColor": "transparent",
                          },
                        ],
                        {
                          "fontFamily": "Material Design Icons",
                          "fontStyle": "normal",
                          "fontWeight": "normal",
                        },
                        {},
                      ]
                    }
                  >
                    Û∞êï
                  </Text>
                </View>
              </View>
            </View>
            <Text
              style={
                [
                  {
                    "color": "#000000",
                    "fontFamily": "System",
                    "fontWeight": "400",
                  },
                  {
                    "textAlign": "left",
                  },
                  {
                    "color": "#364A15",
                    "fontSize": 13,
                    "fontWeight": "600",
                  },
                ]
              }
              variant="titleLarge"
            >
              $12.00 / Piece
            </Text>
            <View
              style={
                {
                  "alignItems": "center",
                  "flexDirection": "row",
                }
              }
            >
              <Text
                style={
                  [
                    {
                      "color": "#000000",
                      "fontFamily": "System",
                      "fontWeight": "400",
                    },
                    {
                      "textAlign": "left",
                    },
                    {
                      "color": "#364A15",
                      "fontSize": 14,
                      "fontWeight": "900",
                    },
                  ]
                }
                variant="titleLarge"
              >
                Total :
              </Text>
              <Text
                style={
                  [
                    {
                      "color": "#000000",
                      "fontFamily": "System",
                      "fontWeight": "400",
                    },
                    {
                      "textAlign": "left",
                    },
                    {
                      "color": "#008D3E",
                      "fontSize": 14,
                      "fontWeight": "700",
                      "marginLeft": 5,
                    },
                  ]
                }
                testID="productPrice"
                variant="titleLarge"
              >
                $24.00
              </Text>
            </View>
          </View>
        </View>
      </View>
      <View
        style={
          [
            {
              "backgroundColor": "rgba(0, 0, 0, 0.12)",
              "height": 0.5,
            },
            undefined,
            {
              "marginVertical": 10,
            },
          ]
        }
      />
    </View>
    <View>
      <View
        style={
          {
            "flexDirection": "row",
            "justifyContent": "space-between",
          }
        }
      >
        <View
          style={
            {
              "flexDirection": "row",
            }
          }
        >
          <View
            accessible={true}
            collapsable={false}
            focusable={true}
            onBlur={[Function]}
            onClick={[Function]}
            onFocus={[Function]}
            onResponderGrant={[Function]}
            onResponderMove={[Function]}
            onResponderRelease={[Function]}
            onResponderTerminate={[Function]}
            onResponderTerminationRequest={[Function]}
            onStartShouldSetResponder={[Function]}
          >
            <Image
              source={
                {
                  "uri": "https://burst.shopifycdn.com/photos/red-and-green-gooseberries-against-white.jpg?width=373&format=pjpg&exif=1&iptc=1",
                }
              }
              style={
                {
                  "height": 250,
                  "width": 240,
                }
              }
              testID="basketProductImage"
            />
          </View>
          <View
            style={
              {
                "flexDirection": "column",
                "justifyContent": "space-between",
                "marginHorizontal": 15,
                "width": "100%",
              }
            }
          >
            <View
              style={
                {
                  "flexDirection": "row",
                  "width": "45%",
                }
              }
            >
              <Text
                style={
                  [
                    {
                      "color": "#000000",
                      "fontFamily": "System",
                      "fontWeight": "400",
                    },
                    {
                      "textAlign": "left",
                    },
                    {
                      "color": "#364A15",
                      "flex": 1,
                      "flexWrap": "wrap",
                      "fontSize": 14,
                      "fontWeight": "900",
                    },
                  ]
                }
                testID="productName"
                variant="titleLarge"
              >
                Capsicum mixed
              </Text>
            </View>
            <View
              style={
                {
                  "alignItems": "center",
                  "backgroundColor": "#F1F9F4",
                  "flexDirection": "row",
                  "height": 42,
                  "justifyContent": "center",
                  "width": 120,
                }
              }
            >
              <View
                accessibilityRole="button"
                accessibilityState={
                  {
                    "disabled": false,
                  }
                }
                accessible={true}
                focusable={true}
                hitSlop={
                  {
                    "bottom": 6,
                    "left": 6,
                    "right": 6,
                    "top": 6,
                  }
                }
                onClick={[Function]}
                onResponderGrant={[Function]}
                onResponderMove={[Function]}
                onResponderRelease={[Function]}
                onResponderTerminate={[Function]}
                onResponderTerminationRequest={[Function]}
                onStartShouldSetResponder={[Function]}
                style={
                  [
                    {
                      "overflow": "hidden",
                    },
                    [
                      {
                        "alignItems": "center",
                        "justifyContent": "center",
                        "margin": 6,
                        "overflow": "hidden",
                      },
                      {
                        "borderRadius": 15,
                        "height": 30,
                        "width": 30,
                      },
                      undefined,
                      {
                        "borderRadius": 0,
                        "height": 42,
                      },
                    ],
                  ]
                }
              >
                <View>
                  <Text
                    accessibilityElementsHidden={true}
                    allowFontScaling={false}
                    importantForAccessibility="no-hide-descendants"
                    pointerEvents="none"
                    selectable={false}
                    style={
                      [
                        {
                          "color": "#000000",
                          "fontSize": 20,
                        },
                        [
                          {
                            "lineHeight": 20,
                            "transform": [
                              {
                                "scaleX": 1,
                              },
                            ],
                          },
                          {
                            "backgroundColor": "transparent",
                          },
                        ],
                        {
                          "fontFamily": "Material Design Icons",
                          "fontStyle": "normal",
                          "fontWeight": "normal",
                        },
                        {},
                      ]
                    }
                  >
                    Û∞ç¥
                  </Text>
                </View>
              </View>
              <Text
                style={
                  [
                    {
                      "color": "#000000",
                      "fontFamily": "System",
                      "fontWeight": "400",
                    },
                    {
                      "textAlign": "left",
                    },
                    {
                      "color": "#364A15",
                      "fontSize": 14,
                      "fontWeight": "700",
                      "marginHorizontal": 5,
                    },
                  ]
                }
              >
                2
              </Text>
              <View
                accessibilityRole="button"
                accessibilityState={
                  {
                    "disabled": false,
                  }
                }
                accessible={true}
                focusable={true}
                hitSlop={
                  {
                    "bottom": 6,
                    "left": 6,
                    "right": 6,
                    "top": 6,
                  }
                }
                onClick={[Function]}
                onResponderGrant={[Function]}
                onResponderMove={[Function]}
                onResponderRelease={[Function]}
                onResponderTerminate={[Function]}
                onResponderTerminationRequest={[Function]}
                onStartShouldSetResponder={[Function]}
                style={
                  [
                    {
                      "overflow": "hidden",
                    },
                    [
                      {
                        "alignItems": "center",
                        "justifyContent": "center",
                        "margin": 6,
                        "overflow": "hidden",
                      },
                      {
                        "borderRadius": 15,
                        "height": 30,
                        "width": 30,
                      },
                      undefined,
                      {
                        "borderRadius": 0,
                        "height": 42,
                      },
                    ],
                  ]
                }
              >
                <View>
                  <Text
                    accessibilityElementsHidden={true}
                    allowFontScaling={false}
                    importantForAccessibility="no-hide-descendants"
                    pointerEvents="none"
                    selectable={false}
                    style={
                      [
                        {
                          "color": "#000000",
                          "fontSize": 20,
                        },
                        [
                          {
                            "lineHeight": 20,
                            "transform": [
                              {
                                "scaleX": 1,
                              },
                            ],
                          },
                          {
                            "backgroundColor": "transparent",
                          },
                        ],
                        {
                          "fontFamily": "Material Design Icons",
                          "fontStyle": "normal",
                          "fontWeight": "normal",
                        },
                        {},
                      ]
                    }
                  >
                    Û∞êï
                  </Text>
                </View>
              </View>
            </View>
            <Text
              style={
                [
                  {
                    "color": "#000000",
                    "fontFamily": "System",
                    "fontWeight": "400",
                  },
                  {
                    "textAlign": "left",
                  },
                  {
                    "color": "#364A15",
                    "fontSize": 13,
                    "fontWeight": "600",
                  },
                ]
              }
              variant="titleLarge"
            >
              $23.00 / Piece
            </Text>
            <View
              style={
                {
                  "alignItems": "center",
                  "flexDirection": "row",
                }
              }
            >
              <Text
                style={
                  [
                    {
                      "color": "#000000",
                      "fontFamily": "System",
                      "fontWeight": "400",
                    },
                    {
                      "textAlign": "left",
                    },
                    {
                      "color": "#364A15",
                      "fontSize": 14,
                      "fontWeight": "900",
                    },
                  ]
                }
                variant="titleLarge"
              >
                Total :
              </Text>
              <Text
                style={
                  [
                    {
                      "color": "#000000",
                      "fontFamily": "System",
                      "fontWeight": "400",
                    },
                    {
                      "textAlign": "left",
                    },
                    {
                      "color": "#008D3E",
                      "fontSize": 14,
                      "fontWeight": "700",
                      "marginLeft": 5,
                    },
                  ]
                }
                testID="productPrice"
                variant="titleLarge"
              >
                $46.00
              </Text>
            </View>
          </View>
        </View>
      </View>
      <View
        style={
          [
            {
              "backgroundColor": "rgba(0, 0, 0, 0.12)",
              "height": 0.5,
            },
            undefined,
            {
              "marginVertical": 10,
            },
          ]
        }
      />
    </View>
  </View>
</View>
`;
