// Jest Snapshot v1, https://goo.gl/fbAQLP

exports[`OrderDetailsList should render the item 1`] = `
<View
  style={
    {
      "marginHorizontal": 10,
    }
  }
  testID="orderDetailsList"
>
  <View
    collapsable={false}
    style={
      {
        "backgroundColor": "#ffffff",
        "borderColor": undefined,
        "borderRadius": 4,
        "borderWidth": 1,
        "elevation": 1,
        "marginVertical": 5,
        "shadowColor": "#000000",
        "shadowOffset": {
          "height": 0.5,
          "width": 0,
        },
        "shadowOpacity": 0.24,
        "shadowRadius": 0.75,
      }
    }
  >
    <View
      accessibilityState={
        {
          "disabled": true,
        }
      }
      accessible={true}
      focusable={false}
      onClick={[Function]}
      onResponderGrant={[Function]}
      onResponderMove={[Function]}
      onResponderRelease={[Function]}
      onResponderTerminate={[Function]}
      onResponderTerminationRequest={[Function]}
      onStartShouldSetResponder={[Function]}
      style={
        {
          "flexGrow": 1,
          "flexShrink": 1,
        }
      }
      testID="personalInformation"
    >
      <View
        style={
          [
            {
              "paddingHorizontal": 16,
            },
            {
              "paddingVertical": 16,
            },
            undefined,
          ]
        }
      >
        <View
          style={
            {
              "flexDirection": "row",
              "justifyContent": "space-between",
              "marginVertical": 5,
            }
          }
        >
          <Text
            style={
              [
                {
                  "color": "#000000",
                  "fontFamily": "System",
                  "fontWeight": "400",
                },
                {
                  "textAlign": "left",
                },
                {
                  "color": undefined,
                  "fontSize": 14,
                  "fontWeight": "400",
                },
              ]
            }
            testID="labelInfoRendererId"
          >
            Order ID:  
          </Text>
          <Text
            style={
              [
                {
                  "color": "#000000",
                  "fontFamily": "System",
                  "fontWeight": "400",
                },
                {
                  "textAlign": "left",
                },
                {
                  "color": undefined,
                  "fontSize": 14,
                  "fontWeight": "500",
                },
              ]
            }
            testID="nameInfoRendererId"
          >
            #123456
          </Text>
        </View>
        <View
          style={
            {
              "flexDirection": "row",
              "justifyContent": "space-between",
              "marginVertical": 5,
            }
          }
        >
          <Text
            style={
              [
                {
                  "color": "#000000",
                  "fontFamily": "System",
                  "fontWeight": "400",
                },
                {
                  "textAlign": "left",
                },
                {
                  "color": undefined,
                  "fontSize": 14,
                  "fontWeight": "400",
                },
              ]
            }
            testID="labelInfoRendererId"
          >
            Date:  
          </Text>
          <Text
            style={
              [
                {
                  "color": "#000000",
                  "fontFamily": "System",
                  "fontWeight": "400",
                },
                {
                  "textAlign": "left",
                },
                {
                  "color": undefined,
                  "fontSize": 14,
                  "fontWeight": "500",
                },
              ]
            }
            testID="nameInfoRendererId"
          >
            Tue, 12 Aug 2022
          </Text>
        </View>
        <View
          style={
            {
              "flexDirection": "row",
              "justifyContent": "space-between",
              "marginVertical": 5,
            }
          }
        >
          <Text
            style={
              [
                {
                  "color": "#000000",
                  "fontFamily": "System",
                  "fontWeight": "400",
                },
                {
                  "textAlign": "left",
                },
                {
                  "color": undefined,
                  "fontSize": 14,
                  "fontWeight": "400",
                },
              ]
            }
            testID="labelInfoRendererId"
          >
            Order Items:  
          </Text>
          <Text
            style={
              [
                {
                  "color": "#000000",
                  "fontFamily": "System",
                  "fontWeight": "400",
                },
                {
                  "textAlign": "left",
                },
                {
                  "color": undefined,
                  "fontSize": 14,
                  "fontWeight": "500",
                },
              ]
            }
            testID="nameInfoRendererId"
          >
            5 Items
          </Text>
        </View>
        <View
          style={
            {
              "flexDirection": "row",
              "justifyContent": "space-between",
              "marginVertical": 5,
            }
          }
        >
          <Text
            style={
              [
                {
                  "color": "#000000",
                  "fontFamily": "System",
                  "fontWeight": "400",
                },
                {
                  "textAlign": "left",
                },
                {
                  "color": undefined,
                  "fontSize": 14,
                  "fontWeight": "400",
                },
              ]
            }
            testID="labelInfoRendererId"
          >
            Total Bill:  
          </Text>
          <Text
            style={
              [
                {
                  "color": "#000000",
                  "fontFamily": "System",
                  "fontWeight": "400",
                },
                {
                  "textAlign": "left",
                },
                {
                  "color": undefined,
                  "fontSize": 14,
                  "fontWeight": "500",
                },
              ]
            }
            testID="nameInfoRendererId"
          >
            $0.00
          </Text>
        </View>
        <View
          accessible={true}
          collapsable={false}
          focusable={true}
          onBlur={[Function]}
          onClick={[Function]}
          onFocus={[Function]}
          onResponderGrant={[Function]}
          onResponderMove={[Function]}
          onResponderRelease={[Function]}
          onResponderTerminate={[Function]}
          onResponderTerminationRequest={[Function]}
          onStartShouldSetResponder={[Function]}
        >
          <Text
            style={
              [
                {
                  "color": "#000000",
                  "fontFamily": "System",
                  "fontWeight": "400",
                },
                {
                  "textAlign": "left",
                },
                {
                  "color": undefined,
                  "fontSize": 14,
                  "fontWeight": "700",
                  "marginRight": 20,
                  "marginVertical": 10,
                },
              ]
            }
          >
            Reorder Items
          </Text>
        </View>
      </View>
    </View>
  </View>
  <View
    collapsable={false}
    style={
      {
        "backgroundColor": "#ffffff",
        "borderColor": undefined,
        "borderRadius": 4,
        "borderWidth": 1,
        "elevation": 1,
        "marginVertical": 5,
        "shadowColor": "#000000",
        "shadowOffset": {
          "height": 0.5,
          "width": 0,
        },
        "shadowOpacity": 0.24,
        "shadowRadius": 0.75,
      }
    }
  >
    <View
      accessibilityState={
        {
          "disabled": true,
        }
      }
      accessible={true}
      focusable={false}
      onClick={[Function]}
      onResponderGrant={[Function]}
      onResponderMove={[Function]}
      onResponderRelease={[Function]}
      onResponderTerminate={[Function]}
      onResponderTerminationRequest={[Function]}
      onStartShouldSetResponder={[Function]}
      style={
        {
          "flexGrow": 1,
          "flexShrink": 1,
        }
      }
      testID="personalInformation"
    >
      <View
        style={
          [
            {
              "paddingHorizontal": 16,
            },
            {
              "paddingVertical": 16,
            },
            undefined,
          ]
        }
      >
        <View
          style={
            {
              "flexDirection": "row",
              "justifyContent": "space-between",
              "marginVertical": 5,
            }
          }
        >
          <Text
            style={
              [
                {
                  "color": "#000000",
                  "fontFamily": "System",
                  "fontWeight": "400",
                },
                {
                  "textAlign": "left",
                },
                {
                  "color": undefined,
                  "fontSize": 14,
                  "fontWeight": "400",
                },
              ]
            }
            testID="labelInfoRendererId"
          >
            Order ID:  
          </Text>
          <Text
            style={
              [
                {
                  "color": "#000000",
                  "fontFamily": "System",
                  "fontWeight": "400",
                },
                {
                  "textAlign": "left",
                },
                {
                  "color": undefined,
                  "fontSize": 14,
                  "fontWeight": "500",
                },
              ]
            }
            testID="nameInfoRendererId"
          >
            #123456
          </Text>
        </View>
        <View
          style={
            {
              "flexDirection": "row",
              "justifyContent": "space-between",
              "marginVertical": 5,
            }
          }
        >
          <Text
            style={
              [
                {
                  "color": "#000000",
                  "fontFamily": "System",
                  "fontWeight": "400",
                },
                {
                  "textAlign": "left",
                },
                {
                  "color": undefined,
                  "fontSize": 14,
                  "fontWeight": "400",
                },
              ]
            }
            testID="labelInfoRendererId"
          >
            Date:  
          </Text>
          <Text
            style={
              [
                {
                  "color": "#000000",
                  "fontFamily": "System",
                  "fontWeight": "400",
                },
                {
                  "textAlign": "left",
                },
                {
                  "color": undefined,
                  "fontSize": 14,
                  "fontWeight": "500",
                },
              ]
            }
            testID="nameInfoRendererId"
          >
            Tue, 12 Aug 2022
          </Text>
        </View>
        <View
          style={
            {
              "flexDirection": "row",
              "justifyContent": "space-between",
              "marginVertical": 5,
            }
          }
        >
          <Text
            style={
              [
                {
                  "color": "#000000",
                  "fontFamily": "System",
                  "fontWeight": "400",
                },
                {
                  "textAlign": "left",
                },
                {
                  "color": undefined,
                  "fontSize": 14,
                  "fontWeight": "400",
                },
              ]
            }
            testID="labelInfoRendererId"
          >
            Order Items:  
          </Text>
          <Text
            style={
              [
                {
                  "color": "#000000",
                  "fontFamily": "System",
                  "fontWeight": "400",
                },
                {
                  "textAlign": "left",
                },
                {
                  "color": undefined,
                  "fontSize": 14,
                  "fontWeight": "500",
                },
              ]
            }
            testID="nameInfoRendererId"
          >
            5 Items
          </Text>
        </View>
        <View
          style={
            {
              "flexDirection": "row",
              "justifyContent": "space-between",
              "marginVertical": 5,
            }
          }
        >
          <Text
            style={
              [
                {
                  "color": "#000000",
                  "fontFamily": "System",
                  "fontWeight": "400",
                },
                {
                  "textAlign": "left",
                },
                {
                  "color": undefined,
                  "fontSize": 14,
                  "fontWeight": "400",
                },
              ]
            }
            testID="labelInfoRendererId"
          >
            Total Bill:  
          </Text>
          <Text
            style={
              [
                {
                  "color": "#000000",
                  "fontFamily": "System",
                  "fontWeight": "400",
                },
                {
                  "textAlign": "left",
                },
                {
                  "color": undefined,
                  "fontSize": 14,
                  "fontWeight": "500",
                },
              ]
            }
            testID="nameInfoRendererId"
          >
            $0.00
          </Text>
        </View>
        <View
          accessible={true}
          collapsable={false}
          focusable={true}
          onBlur={[Function]}
          onClick={[Function]}
          onFocus={[Function]}
          onResponderGrant={[Function]}
          onResponderMove={[Function]}
          onResponderRelease={[Function]}
          onResponderTerminate={[Function]}
          onResponderTerminationRequest={[Function]}
          onStartShouldSetResponder={[Function]}
        >
          <Text
            style={
              [
                {
                  "color": "#000000",
                  "fontFamily": "System",
                  "fontWeight": "400",
                },
                {
                  "textAlign": "left",
                },
                {
                  "color": undefined,
                  "fontSize": 14,
                  "fontWeight": "700",
                  "marginRight": 20,
                  "marginVertical": 10,
                },
              ]
            }
          >
            Reorder Items
          </Text>
        </View>
      </View>
    </View>
  </View>
</View>
`;
