// Jest Snapshot v1, https://goo.gl/fbAQLP

exports[`SuggestedItem should render the item 1`] = `
<View
  style={
    {
      "marginHorizontal": 10,
      "marginVertical": 5,
    }
  }
  testID="suggestedItem"
>
  <View
    style={
      {
        "alignItems": "center",
        "flexDirection": "row",
        "justifyContent": "space-between",
      }
    }
  >
    <Text
      style={
        [
          {
            "color": "#000000",
            "fontFamily": "System",
            "fontWeight": "400",
          },
          {
            "textAlign": "left",
          },
          {
            "fontSize": 18,
            "marginBottom": 9,
          },
        ]
      }
      variant="titleLarge"
    >
      Suggested
    </Text>
    <View
      accessible={true}
      collapsable={false}
      focusable={true}
      onBlur={[Function]}
      onClick={[Function]}
      onFocus={[Function]}
      onResponderGrant={[Function]}
      onResponderMove={[Function]}
      onResponderRelease={[Function]}
      onResponderTerminate={[Function]}
      onResponderTerminationRequest={[Function]}
      onStartShouldSetResponder={[Function]}
      testID="handlePressSuggestedItem"
    >
      <Text
        style={
          [
            {
              "color": "#000000",
              "fontFamily": "System",
              "fontWeight": "400",
            },
            {
              "textAlign": "left",
            },
            {
              "color": undefined,
              "fontSize": 14,
              "marginBottom": 9,
              "textDecorationLine": "underline",
            },
          ]
        }
        variant="titleMedium"
      >
        View All
      </Text>
    </View>
  </View>
  <View>
    <RCTScrollView
      data={
        [
          {
            "currency": "USD",
            "image": "https://burst.shopifycdn.com/photos/fruit-plate.jpg?width=373&height=373&format=pjpg&exif=1&iptc=1",
            "key": "12",
            "name": "Baby Yellow Pepper",
            "packaging": "pack",
            "price": 12,
            "weight_unit": "KG",
          },
          {
            "currency": "USD",
            "image": "https://burst.shopifycdn.com/photos/red-and-green-gooseberries-against-white.jpg?width=373&format=pjpg&exif=1&iptc=1",
            "key": "23",
            "name": "Capsicum mixed",
            "packaging": "pack",
            "price": 23,
            "weight_unit": "KG",
          },
        ]
      }
      getItem={[Function]}
      getItemCount={[Function]}
      horizontal={true}
      initialNumToRender={4}
      keyExtractor={[Function]}
      onContentSizeChange={[Function]}
      onLayout={[Function]}
      onMomentumScrollBegin={[Function]}
      onMomentumScrollEnd={[Function]}
      onScroll={[Function]}
      onScrollBeginDrag={[Function]}
      onScrollEndDrag={[Function]}
      renderItem={[Function]}
      scrollEventThrottle={50}
      stickyHeaderIndices={[]}
      testID="suggestedItemList"
    >
      <View>
        <View
          onLayout={[Function]}
          style={
            [
              {
                "flexDirection": "row",
              },
              null,
            ]
          }
        >
          <View
            accessible={true}
            collapsable={false}
            focusable={true}
            onClick={[Function]}
            onResponderGrant={[Function]}
            onResponderMove={[Function]}
            onResponderRelease={[Function]}
            onResponderTerminate={[Function]}
            onResponderTerminationRequest={[Function]}
            onStartShouldSetResponder={[Function]}
            style={
              {
                "opacity": 1,
              }
            }
          >
            <View
              style={
                {
                  "alignItems": "center",
                  "borderColor": "#e7e7e7",
                  "borderRadius": 6,
                  "borderWidth": 1,
                  "marginBottom": 5,
                  "marginRight": 20,
                }
              }
            >
              <Image
                source={
                  {
                    "uri": "https://burst.shopifycdn.com/photos/fruit-plate.jpg?width=373&height=373&format=pjpg&exif=1&iptc=1",
                  }
                }
                style={
                  {
                    "borderTopLeftRadius": 6,
                    "borderTopRightRadius": 6,
                    "height": 64,
                    "width": 58,
                  }
                }
              />
              <Text
                style={
                  [
                    {
                      "color": "#000000",
                      "fontFamily": "System",
                      "fontWeight": "400",
                    },
                    {
                      "textAlign": "left",
                    },
                    {
                      "backgroundColor": "#F1F9F4",
                      "borderBottomLeftRadius": 6,
                      "borderBottomRightRadius": 6,
                      "color": undefined,
                      "fontSize": 14,
                      "fontWeight": "700",
                      "paddingVertical": 5,
                      "textAlign": "center",
                      "width": 58,
                    },
                  ]
                }
              >
                Add
              </Text>
            </View>
          </View>
        </View>
        <View
          onLayout={[Function]}
          style={
            [
              {
                "flexDirection": "row",
              },
              null,
            ]
          }
        >
          <View
            accessible={true}
            collapsable={false}
            focusable={true}
            onClick={[Function]}
            onResponderGrant={[Function]}
            onResponderMove={[Function]}
            onResponderRelease={[Function]}
            onResponderTerminate={[Function]}
            onResponderTerminationRequest={[Function]}
            onStartShouldSetResponder={[Function]}
            style={
              {
                "opacity": 1,
              }
            }
          >
            <View
              style={
                {
                  "alignItems": "center",
                  "borderColor": "#e7e7e7",
                  "borderRadius": 6,
                  "borderWidth": 1,
                  "marginBottom": 5,
                  "marginRight": 20,
                }
              }
            >
              <Image
                source={
                  {
                    "uri": "https://burst.shopifycdn.com/photos/red-and-green-gooseberries-against-white.jpg?width=373&format=pjpg&exif=1&iptc=1",
                  }
                }
                style={
                  {
                    "borderTopLeftRadius": 6,
                    "borderTopRightRadius": 6,
                    "height": 64,
                    "width": 58,
                  }
                }
              />
              <Text
                style={
                  [
                    {
                      "color": "#000000",
                      "fontFamily": "System",
                      "fontWeight": "400",
                    },
                    {
                      "textAlign": "left",
                    },
                    {
                      "backgroundColor": "#F1F9F4",
                      "borderBottomLeftRadius": 6,
                      "borderBottomRightRadius": 6,
                      "color": undefined,
                      "fontSize": 14,
                      "fontWeight": "700",
                      "paddingVertical": 5,
                      "textAlign": "center",
                      "width": 58,
                    },
                  ]
                }
              >
                Add
              </Text>
            </View>
          </View>
        </View>
      </View>
    </RCTScrollView>
  </View>
</View>
`;
