// Jest Snapshot v1, https://goo.gl/fbAQLP

exports[`PaymentMethodSelection should render the item 1`] = `
<View
  style={
    {
      "marginHorizontal": 10,
    }
  }
  testID="paymentMethodSelection"
>
  <Text
    style={
      {
        "color": undefined,
        "fontSize": 16,
        "fontWeight": "600",
      }
    }
  >
    Payment Method
  </Text>
  <View
    collapsable={false}
    style={
      {
        "backgroundColor": "#ffffff",
        "borderColor": undefined,
        "borderRadius": 10,
        "borderWidth": 1,
        "elevation": 1,
        "marginVertical": 5,
        "shadowColor": "#000000",
        "shadowOffset": {
          "height": 0.5,
          "width": 0,
        },
        "shadowOpacity": 0.24,
        "shadowRadius": 0.75,
      }
    }
  >
    <View
      accessibilityState={
        {
          "disabled": true,
        }
      }
      accessible={true}
      focusable={false}
      onClick={[Function]}
      onResponderGrant={[Function]}
      onResponderMove={[Function]}
      onResponderRelease={[Function]}
      onResponderTerminate={[Function]}
      onResponderTerminationRequest={[Function]}
      onStartShouldSetResponder={[Function]}
      style={
        {
          "flexGrow": 1,
          "flexShrink": 1,
        }
      }
    >
      <View
        style={
          [
            {
              "paddingHorizontal": 16,
            },
            {
              "paddingVertical": 16,
            },
            undefined,
          ]
        }
      >
        <View>
          <View
            accessible={true}
            collapsable={false}
            focusable={true}
            onBlur={[Function]}
            onClick={[Function]}
            onFocus={[Function]}
            onResponderGrant={[Function]}
            onResponderMove={[Function]}
            onResponderRelease={[Function]}
            onResponderTerminate={[Function]}
            onResponderTerminationRequest={[Function]}
            onStartShouldSetResponder={[Function]}
          >
            <View
              style={
                {
                  "flexDirection": "row",
                  "marginVertical": 10,
                }
              }
            >
              <Text
                allowFontScaling={false}
                selectable={false}
                style={
                  [
                    {
                      "color": undefined,
                      "fontSize": 18,
                    },
                    undefined,
                    {
                      "fontFamily": "Material Design Icons",
                      "fontStyle": "normal",
                      "fontWeight": "normal",
                    },
                    {},
                  ]
                }
              >
                󰝦
              </Text>
              <Text
                style={
                  {
                    "color": undefined,
                    "fontSize": 14,
                    "fontWeight": "400",
                    "marginLeft": 10,
                  }
                }
              >
                Credit / Debit Card
              </Text>
            </View>
          </View>
          <View
            style={
              [
                {
                  "backgroundColor": "rgba(0, 0, 0, 0.12)",
                  "height": 0.5,
                },
                undefined,
                {
                  "backgroundColor": undefined,
                  "marginVertical": 3,
                },
              ]
            }
          />
        </View>
        <View>
          <View
            accessible={true}
            collapsable={false}
            focusable={true}
            onBlur={[Function]}
            onClick={[Function]}
            onFocus={[Function]}
            onResponderGrant={[Function]}
            onResponderMove={[Function]}
            onResponderRelease={[Function]}
            onResponderTerminate={[Function]}
            onResponderTerminationRequest={[Function]}
            onStartShouldSetResponder={[Function]}
          >
            <View
              style={
                {
                  "flexDirection": "row",
                  "marginVertical": 10,
                }
              }
            >
              <Text
                allowFontScaling={false}
                selectable={false}
                style={
                  [
                    {
                      "color": undefined,
                      "fontSize": 18,
                    },
                    undefined,
                    {
                      "fontFamily": "Material Design Icons",
                      "fontStyle": "normal",
                      "fontWeight": "normal",
                    },
                    {},
                  ]
                }
              >
                󰝦
              </Text>
              <Text
                style={
                  {
                    "color": undefined,
                    "fontSize": 14,
                    "fontWeight": "400",
                    "marginLeft": 10,
                  }
                }
              >
                Cash on delivery
              </Text>
            </View>
          </View>
          <View
            style={
              [
                {
                  "backgroundColor": "rgba(0, 0, 0, 0.12)",
                  "height": 0.5,
                },
                undefined,
                {
                  "backgroundColor": undefined,
                  "marginVertical": 3,
                },
              ]
            }
          />
        </View>
        <View>
          <View
            accessible={true}
            collapsable={false}
            focusable={true}
            onBlur={[Function]}
            onClick={[Function]}
            onFocus={[Function]}
            onResponderGrant={[Function]}
            onResponderMove={[Function]}
            onResponderRelease={[Function]}
            onResponderTerminate={[Function]}
            onResponderTerminationRequest={[Function]}
            onStartShouldSetResponder={[Function]}
          >
            <View
              style={
                {
                  "flexDirection": "row",
                  "marginVertical": 10,
                }
              }
            >
              <Text
                allowFontScaling={false}
                selectable={false}
                style={
                  [
                    {
                      "color": undefined,
                      "fontSize": 18,
                    },
                    undefined,
                    {
                      "fontFamily": "Material Design Icons",
                      "fontStyle": "normal",
                      "fontWeight": "normal",
                    },
                    {},
                  ]
                }
              >
                󰝦
              </Text>
              <Text
                style={
                  {
                    "color": undefined,
                    "fontSize": 14,
                    "fontWeight": "400",
                    "marginLeft": 10,
                  }
                }
              >
                Wallet
              </Text>
            </View>
          </View>
          <View
            style={
              [
                {
                  "backgroundColor": "rgba(0, 0, 0, 0.12)",
                  "height": 0.5,
                },
                undefined,
                {
                  "backgroundColor": undefined,
                  "marginVertical": 3,
                },
              ]
            }
          />
        </View>
      </View>
    </View>
  </View>
</View>
`;
