// Jest Snapshot v1, https://goo.gl/fbAQLP

exports[`DeliveryAddressCard should render the item 1`] = `
<View
  accessibilityState={
    {
      "disabled": false,
    }
  }
  accessible={true}
  focusable={true}
  onClick={[Function]}
  onResponderGrant={[Function]}
  onResponderMove={[Function]}
  onResponderRelease={[Function]}
  onResponderTerminate={[Function]}
  onResponderTerminationRequest={[Function]}
  onStartShouldSetResponder={[Function]}
  style={
    [
      false,
      {
        "backgroundColor": "#FFF",
        "borderRadius": 10,
        "margin": 10,
        "padding": 15,
      },
    ]
  }
  testID="deliveryAddressCard"
>
  <View>
    <Text
      style={
        [
          {
            "color": "#000000",
            "fontFamily": "System",
            "fontWeight": "400",
          },
          {
            "textAlign": "left",
          },
          {
            "color": undefined,
            "fontSize": 16,
            "fontWeight": "700",
          },
        ]
      }
    >
      Delivery Address
    </Text>
    <View
      style={
        {
          "flexDirection": "row",
          "marginVertical": 5,
        }
      }
    >
      <Text
        style={
          [
            {
              "color": "#000000",
              "fontFamily": "System",
              "fontWeight": "400",
            },
            {
              "textAlign": "left",
            },
            {
              "color": undefined,
              "fontSize": 14,
              "width": "85%",
            },
          ]
        }
      >
        USA
      </Text>
      <View
        accessible={true}
        collapsable={false}
        focusable={true}
        onBlur={[Function]}
        onClick={[Function]}
        onFocus={[Function]}
        onResponderGrant={[Function]}
        onResponderMove={[Function]}
        onResponderRelease={[Function]}
        onResponderTerminate={[Function]}
        onResponderTerminationRequest={[Function]}
        onStartShouldSetResponder={[Function]}
        style={
          {
            "paddingHorizontal": 10,
          }
        }
        testID="changeAddressButton"
      >
        <Text
          style={
            [
              {
                "color": "#000000",
                "fontFamily": "System",
                "fontWeight": "400",
              },
              {
                "textAlign": "left",
              },
              {
                "color": undefined,
                "fontSize": 14,
                "fontWeight": "500",
              },
            ]
          }
          testID="deliverAddressButtonTitle"
        >
          Change
        </Text>
      </View>
    </View>
    <View
      style={
        {
          "flexDirection": "row",
          "marginVertical": 5,
        }
      }
    >
      <Text
        style={
          [
            {
              "color": "#000000",
              "fontFamily": "System",
              "fontWeight": "400",
            },
            {
              "textAlign": "left",
            },
            {
              "color": undefined,
              "fontSize": 14,
            },
          ]
        }
      >
        Mobile
      </Text>
      <Text
        style={
          [
            {
              "color": "#000000",
              "fontFamily": "System",
              "fontWeight": "400",
            },
            {
              "textAlign": "left",
            },
            {
              "color": undefined,
              "fontSize": 14,
            },
          ]
        }
      >
        : +90909090
      </Text>
    </View>
  </View>
</View>
`;
