// Jest Snapshot v1, https://goo.gl/fbAQLP

exports[`WalletBalance should render the item 1`] = `
<View
  testID="walletBalance"
>
  <View
    accessible={true}
    collapsable={false}
    focusable={true}
    onBlur={[Function]}
    onClick={[Function]}
    onFocus={[Function]}
    onResponderGrant={[Function]}
    onResponderMove={[Function]}
    onResponderRelease={[Function]}
    onResponderTerminate={[Function]}
    onResponderTerminationRequest={[Function]}
    onStartShouldSetResponder={[Function]}
    style={
      {
        "flexDirection": "row",
        "height": 60,
        "justifyContent": "space-between",
        "marginHorizontal": 10,
        "marginVertical": 5,
      }
    }
    testID="handlePress"
  >
    <View
      style={
        {
          "borderBottomLeftRadius": 2,
          "borderColor": undefined,
          "borderTopLeftRadius": 2,
          "borderWidth": 1,
          "justifyContent": "center",
          "width": "80%",
        }
      }
    >
      <Text
        style={
          [
            {
              "color": "#000000",
              "fontFamily": "System",
              "fontWeight": "400",
            },
            {
              "textAlign": "left",
            },
            {
              "color": undefined,
              "fontSize": 12,
              "fontWeight": "400",
              "marginLeft": 10,
            },
          ]
        }
      >
        Wallet Balance
      </Text>
      <Text
        style={
          [
            {
              "color": "#000000",
              "fontFamily": "System",
              "fontWeight": "400",
            },
            {
              "textAlign": "left",
            },
            {
              "color": undefined,
              "fontSize": 14,
              "fontWeight": "700",
              "marginLeft": 10,
            },
          ]
        }
      >
        $0.00
      </Text>
    </View>
    <View
      style={
        {
          "alignItems": "center",
          "backgroundColor": undefined,
          "borderBottomRightRadius": 2,
          "borderColor": undefined,
          "borderTopRightRadius": 2,
          "borderWidth": 1,
          "justifyContent": "center",
          "width": "20%",
        }
      }
    >
      <Text
        allowFontScaling={false}
        selectable={false}
        style={
          [
            {
              "color": "#ffffff",
              "fontSize": 18,
            },
            undefined,
            {
              "fontFamily": "Material Design Icons",
              "fontStyle": "normal",
              "fontWeight": "normal",
            },
            {},
          ]
        }
      >
        ó°…Œ
      </Text>
      <Text
        style={
          [
            {
              "color": "#000000",
              "fontFamily": "System",
              "fontWeight": "400",
            },
            {
              "textAlign": "left",
            },
            {
              "color": "#ffffff",
              "fontSize": 10,
              "fontWeight": "400",
            },
          ]
        }
      >
        Top-up
      </Text>
    </View>
  </View>
</View>
`;
