// Jest Snapshot v1, https://goo.gl/fbAQLP

exports[`ProductList should render the item 1`] = `
<View
  style={
    {
      "marginTop": 10,
    }
  }
  testID="productList"
>
  <RCTScrollView
    contentContainerStyle={
      {
        "paddingBottom": 300,
      }
    }
    data={
      [
        [
          {
            "currency": "USD",
            "id": 1,
            "image": "https://burst.shopifycdn.com/photos/tea-cup-with-hot-peppers-and-yellow-tomatoes-on-red.jpg?width=240&format=pjpg&exif=1&iptc=1",
            "key": "test",
            "name": "test",
            "notes": "pack",
            "packaging": "pack",
            "price": 0,
            "weight_unit": "KG",
          },
        ],
      ]
    }
    getItem={[Function]}
    getItemCount={[Function]}
    keyExtractor={[Function]}
    onContentSizeChange={[Function]}
    onLayout={[Function]}
    onMomentumScrollBegin={[Function]}
    onMomentumScrollEnd={[Function]}
    onScroll={[Function]}
    onScrollBeginDrag={[Function]}
    onScrollEndDrag={[Function]}
    renderItem={[Function]}
    scrollEventThrottle={50}
    stickyHeaderIndices={[]}
    testID="productListData"
  >
    <View>
      <View
        onLayout={[Function]}
        style={null}
      >
        <View
          style={
            {
              "display": "flex",
              "flexDirection": "row",
              "justifyContent": "space-between",
              "marginBottom": 15,
              "marginHorizontal": 10,
            }
          }
        >
          <View
            style={
              {
                "backgroundColor": "#f0f0f0",
                "borderColor": "#e7e7e7",
                "borderRadius": 12,
                "borderWidth": 1,
                "marginVertical": 5,
                "width": "48%",
              }
            }
          >
            <View>
              <View
                accessible={true}
                collapsable={false}
                focusable={true}
                onBlur={[Function]}
                onClick={[Function]}
                onFocus={[Function]}
                onResponderGrant={[Function]}
                onResponderMove={[Function]}
                onResponderRelease={[Function]}
                onResponderTerminate={[Function]}
                onResponderTerminationRequest={[Function]}
                onStartShouldSetResponder={[Function]}
              >
                <View
                  style={
                    {
                      "height": 200,
                      "width": "100%",
                    }
                  }
                >
                  <Image
                    source={
                      {
                        "uri": "https://burst.shopifycdn.com/photos/tea-cup-with-hot-peppers-and-yellow-tomatoes-on-red.jpg?width=240&format=pjpg&exif=1&iptc=1",
                      }
                    }
                    style={
                      {
                        "backgroundColor": "#fff",
                        "borderTopLeftRadius": 12,
                        "borderTopRightRadius": 12,
                        "height": 200,
                        "paddingHorizontal": "0.1%",
                        "width": "99.9%",
                      }
                    }
                  />
                </View>
                <View
                  style={
                    {
                      "alignItems": "flex-start",
                      "backgroundColor": "#f0f0f0",
                      "borderBottomLeftRadius": 12,
                      "borderBottomRightRadius": 12,
                      "paddingHorizontal": 8,
                      "paddingVertical": 5,
                    }
                  }
                >
                  <View
                    style={
                      {
                        "alignItems": "flex-start",
                        "flexDirection": "row",
                        "justifyContent": "space-between",
                        "width": "100%",
                      }
                    }
                  >
                    <Text
                      style={
                        [
                          {
                            "color": "#000000",
                            "fontFamily": "System",
                            "fontWeight": "400",
                          },
                          {
                            "textAlign": "left",
                          },
                          [
                            {
                              "textAlign": "left",
                            },
                            {
                              "color": "rgba(0, 0, 0, 0.87)",
                              "fontFamily": "System",
                              "fontWeight": "500",
                              "writingDirection": "ltr",
                            },
                            [
                              {
                                "fontSize": 20,
                                "letterSpacing": 0.15,
                                "lineHeight": 30,
                                "marginVertical": 2,
                              },
                              {
                                "flexShrink": 1,
                                "fontSize": 12,
                                "fontWeight": "bold",
                                "marginRight": 5,
                              },
                            ],
                          ],
                        ]
                      }
                    >
                      test
                    </Text>
                    <View
                      accessible={true}
                      collapsable={false}
                      focusable={true}
                      onClick={[Function]}
                      onResponderGrant={[Function]}
                      onResponderMove={[Function]}
                      onResponderRelease={[Function]}
                      onResponderTerminate={[Function]}
                      onResponderTerminationRequest={[Function]}
                      onStartShouldSetResponder={[Function]}
                      style={
                        {
                          "opacity": 1,
                        }
                      }
                    >
                      <Text
                        allowFontScaling={false}
                        selectable={false}
                        style={
                          [
                            {
                              "color": undefined,
                              "fontSize": 18,
                            },
                            {
                              "paddingLeft": 10,
                              "paddingVertical": 5,
                            },
                            {
                              "fontFamily": "Entypo",
                              "fontStyle": "normal",
                              "fontWeight": "normal",
                            },
                            {},
                          ]
                        }
                      >
                        Ôáç
                      </Text>
                    </View>
                  </View>
                  <Text
                    style={
                      [
                        {
                          "color": "#000000",
                          "fontFamily": "System",
                          "fontWeight": "400",
                        },
                        {
                          "textAlign": "left",
                        },
                        {
                          "color": undefined,
                          "fontSize": 12,
                          "fontWeight": "400",
                        },
                      ]
                    }
                  >
                    Dorne
                  </Text>
                  <View
                    style={
                      {
                        "alignItems": "center",
                        "flexDirection": "row",
                        "justifyContent": "center",
                        "marginTop": 5,
                      }
                    }
                  >
                    <Text
                      style={
                        [
                          {
                            "color": "#000000",
                            "fontFamily": "System",
                            "fontWeight": "400",
                          },
                          {
                            "textAlign": "left",
                          },
                          {
                            "color": undefined,
                            "fontSize": 14,
                            "fontWeight": "400",
                          },
                        ]
                      }
                    >
                      $0.00
                    </Text>
                    <Text
                      style={
                        [
                          {
                            "color": "#000000",
                            "fontFamily": "System",
                            "fontWeight": "400",
                          },
                          {
                            "textAlign": "left",
                          },
                          {
                            "color": undefined,
                            "fontSize": 12,
                            "fontWeight": "400",
                          },
                        ]
                      }
                    >
                       / pack
                    </Text>
                  </View>
                </View>
              </View>
            </View>
          </View>
        </View>
      </View>
    </View>
  </RCTScrollView>
</View>
`;
